// Jest Snapshot v1, https://goo.gl/fbAQLP

exports[`<PortfolioSidebar/> Snapshot renders without crashing using shallow 1`] = `
<Fragment>
  <styled.div
    onClick={[Function]}
  />
  <styled.div>
    <styled.div>
      <HashLink
        to="#home"
      >
        <TitledLogo
          onClick={[Function]}
        />
      </HashLink>
      <styled.div>
        <ThemeToggle />
        <LanguageSelector />
      </styled.div>
    </styled.div>
    <PortfolioLinks
      onClick={[Function]}
      orientation="vertical"
    />
    <ExternalButtons />
    <SocialNetworks />
  </styled.div>
</Fragment>
`;
