// Jest Snapshot v1, https://goo.gl/fbAQLP

exports[`<ExternalButtons/> Snapshot renders without crashing using shallow 1`] = `
<styled.div>
  <UIButton
    id="blog-button"
    label="button.visit_my_blog"
    onClick={[Function]}
  />
  <UIButton
    id="resume-button"
    label="button.resume"
    onClick={[Function]}
    rightIcon={<FaGoogleDrive />}
    secondary={true}
  />
</styled.div>
`;
