// Jest Snapshot v1, https://goo.gl/fbAQLP

exports[`<Experience/> Snapshot renders without crashing using shallow 1`] = `
<section
  id="experience"
>
  <h2>
    button.experience
  </h2>
  <styled.div>
    <Project
      description="desc.hp"
      image={
        <SiHp
          color="#0096D6"
        />
      }
      key="0"
      subtitle="subtitle"
      title="HP Inc."
    />
    <Project
      description="desc.dell"
      image={
        <SiDell
          color="#007DB8"
        />
      }
      key="1"
      subtitle="subtitle"
      title="Dell Inc."
    />
    <Project
      description="desc.intern"
      image={
        <img
          src="test-file-stub"
        />
      }
      key="2"
      subtitle="desc.research_intern"
      title="PUCRS"
    />
    <Project
      description="desc.ginatells"
      image={
        <GiClapperboard
          color="#FF7F00"
        />
      }
      key="3"
      subtitle="desc.personal_project"
      title="Gina Tells"
    />
    <Project
      description="desc.kpis"
      image={
        <GiProgression
          color="#0E6B0E"
        />
      }
      key="4"
      subtitle="desc.personal_project"
      title="Software KPIs"
    />
    <Project
      description="desc.ages"
      image={
        <img
          src="test-file-stub"
        />
      }
      key="5"
      subtitle="desc.nonprofit_engineer"
      title="AGES"
    />
  </styled.div>
</section>
`;
