// Jest Snapshot v1, https://goo.gl/fbAQLP

exports[`<SocialNetworks/> Snapshot renders without crashing using shallow 1`] = `
<styled.div>
  <a
    href="https://wa.me/5551980254545"
    target="_blank"
    title="https://wa.me/5551980254545"
  >
    <FaWhatsapp
      size="46"
    />
  </a>
  <a
    href="https://github.com/IsraelDeorce"
    target="_blank"
    title="https://github.com/IsraelDeorce"
  >
    <FaGithub
      size="46"
    />
  </a>
  <a
    href="https://www.linkedin.com/in/israeldeorce"
    target="_blank"
    title="https://www.linkedin.com/in/israeldeorce"
  >
    <FaLinkedin
      size="46"
    />
  </a>
  <a
    href="mailto: israel.idvj@gmail.com"
    target="_blank"
    title="israel.idvj@gmail.com"
  >
    <FaEnvelope
      size="46"
    />
  </a>
</styled.div>
`;
