// Jest Snapshot v1, https://goo.gl/fbAQLP

exports[`<Home/> Snapshot renders without crashing using shallow 1`] = `
<styled.section
  id="home"
>
  <styled.h1>
    Israel Deorce
  </styled.h1>
  <styled.p
    className="subtitle"
  >
    subtitle
  </styled.p>
  <ExternalButtons />
</styled.section>
`;
