// Jest Snapshot v1, https://goo.gl/fbAQLP

exports[`<BlogSidebar/> Snapshot renders without crashing using shallow 1`] = `
<Fragment>
  <styled.div
    onClick={[Function]}
  />
  <styled.div>
    <styled.div>
      <Link
        to="/"
      >
        <TitledLogo />
      </Link>
      <styled.div>
        <ThemeToggle />
        <LanguageSelector />
      </styled.div>
    </styled.div>
    <ArticleLinks
      onClick={[Function]}
    />
  </styled.div>
</Fragment>
`;
