// Jest Snapshot v1, https://goo.gl/fbAQLP

exports[`<ArticleLinks/> Snapshot renders without crashing using shallow 1`] = `
<styled.ul>
  <Link
    to="/blog/big-o"
  >
    articles.big_o
  </Link>
  <Link
    to="/blog/data-structures"
  >
    skills.software_engineering
  </Link>
  <Link
    to="/blog/data-structures"
  >
    articles.data_structures
  </Link>
  <Link
    to="/blog/data-structures"
  >
    articles.algorithms
  </Link>
</styled.ul>
`;
