// Jest Snapshot v1, https://goo.gl/fbAQLP

exports[`<Contact/> Snapshot renders without crashing using shallow 1`] = `
<footer
  id="contact"
>
  <styled.div>
    <SocialNetworks />
    <styled.div>
      <p>
        israel.idvj@gmail.com
      </p>
      <p>
        +55 (51) 98025-4545
      </p>
      <p>
        Porto Alegre - br
      </p>
    </styled.div>
  </styled.div>
  <Copyright />
</footer>
`;
