// Jest Snapshot v1, https://goo.gl/fbAQLP

exports[`<PortfolioHeader/> Snapshot renders without crashing using shallow 1`] = `
<styled.nav>
  <styled.span
    onClick={[Function]}
  >
    <MdMenu
      size="32"
    />
  </styled.span>
  <TitledLogo />
  <styled.div>
    <PortfolioLinks />
    <ThemeToggle />
    <LanguageSelector />
  </styled.div>
</styled.nav>
`;
