// Jest Snapshot v1, https://goo.gl/fbAQLP

exports[`<BlogHeader/> Snapshot renders without crashing using shallow 1`] = `
<styled.nav>
  <styled.span
    onClick={[Function]}
  >
    <MdMenu
      size="32"
    />
  </styled.span>
  <Link
    to="/"
  >
    <TitledLogo />
  </Link>
</styled.nav>
`;
