// Jest Snapshot v1, https://goo.gl/fbAQLP

exports[`<App/> Snapshot renders without crashing using shallow 1`] = `
<HashRouter
  basename="/"
  hashType="noslash"
>
  <Component
    theme={
      Object {
        "c_background": "#1E1E1E",
        "c_brackets": "#D4D4C8",
        "c_component": "#4EC9B0",
        "c_function": "#DCDCAA",
        "c_importExport": "#C586C0",
        "c_menu": "#252526",
        "c_number": "#A7CEA8",
        "c_string": "#CE9078",
        "c_tab": "#3C3C3C",
        "c_varDeclaration": "#4FC1DB",
        "c_varProperty": "#9CDCFE",
        "c_varType": "#569CD6",
      }
    }
  >
    <styled.div
      id="app"
    >
      <Navbar />
      <Routes>
        <Route
          element={<Portfolio />}
          path="/"
        />
        <Route
          element={<Blog />}
          path="blog"
        />
        <Route
          element={<div />}
          path="blog/big-o"
        />
        <Route
          element={<div />}
          path="blog/data-structures"
        />
        <Route
          element={<Error />}
          path="*"
        />
      </Routes>
    </styled.div>
  </Component>
</HashRouter>
`;
