// Jest Snapshot v1, https://goo.gl/fbAQLP

exports[`<Skills/> Snapshot renders without crashing using shallow 1`] = `
<section
  id="skills"
>
  <h2>
    button.skills
  </h2>
  <styled.div>
    <ProgressIndicator
      description="skills.software_engineering"
      percentage={99}
    />
    <ProgressIndicator
      description="skills.front (skills.react)"
      percentage={90}
    />
    <ProgressIndicator
      description="skills.back (skills.node, skills.dotnet)"
      percentage={50}
    />
    <ProgressIndicator
      description="skills.db"
      percentage={25}
    />
    <ProgressIndicator
      description="skills.devops"
      percentage={50}
    />
    <ProgressIndicator
      description="skills.automated_tests"
      percentage={90}
    />
  </styled.div>
</section>
`;
